============================= test session starts ==============================
platform darwin -- Python 3.10.9, pytest-7.4.0, pluggy-1.3.0
rootdir: /Users/barbi/Documents/Github/personal/github-actions
plugins: anyio-3.7.1
collected 3 items

tests/test_foo.py ...                                                    [100%]

============================== 3 passed in 0.01s ===============================
